[clearance]: Clearance violation (netclass 'Default' clearance 0.2000 mm; actual 0.1536 mm) | @(18.0000 mm, 7.0000 mm): Track [P1] on B.Cu, length 6.5000 mm | @(24.5000 mm, 7.5000 mm): Track [P0] on B.Cu, length 1.4142 mm
[clearance]: Clearance violation (netclass 'Default' clearance 0.2000 mm; actual 0.1536 mm) | @(24.5000 mm, 7.0000 mm): Track [P1] on B.Cu, length 1.4142 mm | @(24.5000 mm, 7.5000 mm): Track [P0] on B.Cu, length 1.4142 mm
[clearance]: Clearance violation (netclass 'Default' clearance 0.2000 mm; actual 0.1536 mm) | @(24.5000 mm, 7.0000 mm): Track [P1] on B.Cu, length 1.4142 mm | @(25.5000 mm, 6.5000 mm): Track [P0] on B.Cu, length 11.5000 mm
[clearance]: Clearance violation (netclass 'Default' clearance 0.2000 mm; actual 0.1536 mm) | @(90.5000 mm, 16.5000 mm): Track [P5] on F.Cu, length 2.1213 mm | @(90.5000 mm, 17.0000 mm): Track [P6] on F.Cu, length 2.8284 mm
[clearance]: Clearance violation (netclass 'Default' clearance 0.2000 mm; actual 0.1536 mm) | @(72.0000 mm, 16.5000 mm): Track [P5] on F.Cu, length 18.5000 mm | @(90.5000 mm, 17.0000 mm): Track [P6] on F.Cu, length 2.8284 mm
[clearance]: Clearance violation (netclass 'Default' clearance 0.2000 mm; actual 0.1536 mm) | @(90.5000 mm, 17.0000 mm): Track [P6] on F.Cu, length 2.8284 mm | @(92.0000 mm, 15.0000 mm): Track [P5] on F.Cu, length 54.2500 mm
[clearance]: Clearance violation (netclass 'Default' clearance 0.2000 mm; actual 0.1536 mm) | @(87.0000 mm, 15.5000 mm): Track [P3] on F.Cu, length 0.7071 mm | @(87.0000 mm, 16.0000 mm): Track [P4] on F.Cu, length 1.4142 mm
[clearance]: Clearance violation (netclass 'Default' clearance 0.2000 mm; actual 0.1536 mm) | @(69.5000 mm, 15.5000 mm): Track [P3] on F.Cu, length 17.5000 mm | @(87.0000 mm, 16.0000 mm): Track [P4] on F.Cu, length 1.4142 mm
[clearance]: Clearance violation (netclass 'Default' clearance 0.2000 mm; actual 0.1536 mm) | @(87.0000 mm, 16.0000 mm): Track [P4] on F.Cu, length 1.4142 mm | @(87.5000 mm, 15.0000 mm): Track [P3] on F.Cu, length 19.5000 mm
[copper_edge_clearance]: Board edge clearance violation (board setup constraints edge clearance 0.5000 mm; actual 0.4750 mm) | @(25.5000 mm, 12.5000 mm): Segment on Edge.Cuts | @(37.6500 mm, 11.6250 mm): Pad [<no net>] of PWR1 on F.Cu
[copper_edge_clearance]: Board edge clearance violation (board setup constraints edge clearance 0.5000 mm; actual 0.4750 mm) | @(25.5000 mm, 12.5000 mm): Segment on Edge.Cuts | @(30.3500 mm, 11.6250 mm): Pad [<no net>] of PWR1 on F.Cu
[copper_edge_clearance]: Board edge clearance violation (board setup constraints edge clearance 0.5000 mm; actual 0.4750 mm) | @(25.5000 mm, 12.5000 mm): Segment on Edge.Cuts | @(37.6500 mm, 11.6250 mm): Pad [<no net>] of PWR1 on B.Cu
[copper_edge_clearance]: Board edge clearance violation (board setup constraints edge clearance 0.5000 mm; actual 0.4750 mm) | @(25.5000 mm, 12.5000 mm): Segment on Edge.Cuts | @(30.3500 mm, 11.6250 mm): Pad [<no net>] of PWR1 on B.Cu
